ipaddr DST_IP,ipaddr SRC_IP,uint64 BYTES,uint64 DST_BLACKLIST,uint64 SRC_BLACKLIST,time TIME_FIRST,time TIME_LAST,uint32 PACKETS,uint16 DST_PORT,uint16 SRC_PORT,uint8 PROTOCOL,string ADAPTIVE_IDS
185.140.110.3,147.32.3.200,52,8,0,2017-08-18T14:16:17.142,2017-08-18T14:16:17.142,1,25,29500,6,""
195.113.251.92,123.249.79.239,41,0,8,2017-08-18T14:16:16.909,2017-08-18T14:16:16.909,1,9433,7380,6,""
