ipaddr DST_IP,ipaddr SRC_IP,uint64 BYTES,uint64 DST_BLACKLIST,uint64 SRC_BLACKLIST,time TIME_FIRST,time TIME_LAST,uint32 PACKETS,uint16 DST_PORT,uint16 SRC_PORT,uint8 PROTOCOL,string ADAPTIVE_IDS
160.216.52.97,182.245.98.61,48,999,0,2017-08-18T14:16:21.484,2017-08-18T14:16:21.484,1,7547,43758,6,"6283cc4b-79fa-484e-89e8-3c672e7b95bf,aa9ed948-6d03-4e52-88db-a9ee1f930376,35d714d3-3fa5-49a0-b819-88ddc32bc9e1"
147.32.88.213,85.99.255.130,44,0,16,2017-08-18T14:16:17.334,2017-08-18T14:16:17.334,1,1433,47548,6,""
103.8.45.5,195.113.132.25,80,16,0,2017-08-18T14:16:22.177,2017-08-18T14:16:22.177,1,53,58748,17,""
147.251.48.205,212.72.143.34,421,0,16,2017-08-18T14:16:17.084,2017-08-18T14:16:17.215,4,80,36517,6,""
212.72.143.34,147.251.48.205,3276,16,0,2017-08-18T14:16:18.638,2017-08-18T14:16:18.709,5,36528,80,6,""
195.113.243.101,178.255.155.22,52,0,999,2017-08-18T14:16:20.089,2017-08-18T14:16:20.089,1,62081,443,6,"6283cc4b-79fa-484e-89e8-3c672e7b95bf"
58.47.177.157,195.113.251.171,40,999,0,2017-08-18T14:16:16.141,2017-08-18T14:16:16.141,1,3078,1433,6,"35d714d3-3fa5-49a0-b819-88ddc32bc9e1"
