ipaddr DST_IP,ipaddr SRC_IP,uint64 BYTES,uint64 DST_BLACKLIST,uint64 SRC_BLACKLIST,time TIME_FIRST,time TIME_LAST,uint32 PACKETS,uint16 DST_PORT,uint16 SRC_PORT,uint8 PROTOCOL,string ADAPTIVE_IDS
147.32.14.14,113.190.40.164,41,0,1,2017-08-18T14:16:21.786,2017-08-18T14:16:21.786,1,445,57049,6,""
58.211.64.222,195.113.254.127,40,1,0,2017-08-18T14:16:17.400,2017-08-18T14:16:17.400,1,63738,2022,6,""
195.113.251.216,74.62.22.194,41,1,0,2017-08-18T14:16:20.894,2017-08-18T14:16:20.894,1,3389,2763,6,""
193.84.165.115,90.68.243.107,40,1,0,2017-08-18T14:16:19.788,2017-08-18T14:16:19.788,1,23,53377,6,""
160.216.253.112,71.6.167.142,40,0,1,2017-08-18T14:16:17.922,2017-08-18T14:16:17.922,1,5577,23668,6,""
195.113.254.167,221.178.140.110,41,0,1,2017-08-18T14:16:18.140,2017-08-18T14:16:18.140,1,2222,65247,6,""
